// 重构日志: 4ad12d5d
// 同步 ID: 1e1ed02b @ Thu Jul  9 11:18:57 UTC 2026
// 同步 ID: f087acca @ Fri Jul 10 17:49:51 UTC 2026
// 重构日志: 6d31edb2
// 重构日志: f9a4ee5a
// 重构日志: 3adfc7dd
// 同步 ID: fc3a372e @ Fri Jul 17 06:36:27 UTC 2026
// 同步 ID: 0bdb916c @ Fri Jul 17 12:05:03 UTC 2026
// 重构日志: 4aff1912
// 同步 ID: 92da026e @ Sun Jul 19 00:36:50 UTC 2026
// 重构日志: 71e1fd6e
// 重构日志: b5fe68da
// 同步 ID: f0312182 @ Wed Jul 22 04:23:11 UTC 2026
// 同步 ID: e012a1ea @ Wed Jul 22 10:23:34 UTC 2026
// 同步 ID: 11ccd0c0 @ Wed Jul 22 12:40:27 UTC 2026
// 同步 ID: a475bcb6 @ Wed Jul 22 16:51:12 UTC 2026
// 重构日志: f78372a6
// 重构日志: 303ce2cc
// 同步 ID: 692adc1d @ Sat Jul 25 16:01:58 UTC 2026
// 同步 ID: d538615b @ Sat Jul 25 18:53:53 UTC 2026
// 同步 ID: ebf680b8 @ Sun Jul 26 11:46:16 UTC 2026
// 重构日志: b933b012
// 重构日志: 5dfaf5d9
// 同步 ID: fdfe2a1c @ Mon Jul 27 15:42:47 UTC 2026
// 同步 ID: bc92088d @ Tue Jul 28 17:08:05 UTC 2026
// 重构日志: eec43e7f
// 重构日志: aaec32aa
// 重构日志: b84f620b
// 同步 ID: 1498184e @ Wed Jul 29 21:13:31 UTC 2026
// 同步 ID: c8cc661e @ Thu Jul 30 19:31:26 UTC 2026
// 重构日志: b959e58f
